// 重构日志: 23b6f01c
// 重构日志: 712b70c9
// 重构日志: d62d1060
// 同步 ID: 39250e80 @ Sat Jul 18 20:18:04 UTC 2026
// 重构日志: bb098224
// 重构日志: 4cd65b9f
// 重构日志: df3128de
// 同步 ID: 52b86096 @ Mon Jul 20 08:40:19 UTC 2026
// 重构日志: caba81c7
// 重构日志: c33354ff
// 重构日志: 1634429a
// 重构日志: d82a6fda
// 重构日志: 5311cff6
// 重构日志: 63d7df90
// 重构日志: 4e52d8e4
// 重构日志: e09a767f
// 重构日志: 723143bf
// 同步 ID: 74a03ce7 @ Fri Jul 24 11:21:45 UTC 2026
// 重构日志: f7450e6a
// 重构日志: 9946fbf7
// 重构日志: aeb60cb7
// 重构日志: 275d017e
// 重构日志: 9daef2ce
// 重构日志: f3bbf33b
// 重构日志: 1729e64d
// 同步 ID: 45620fc0 @ Sun Jul 26 14:27:58 UTC 2026
// 同步 ID: 3ca19211 @ Sun Jul 26 18:13:12 UTC 2026
// 重构日志: 570cbed7
// 重构日志: 8f184669
// 同步 ID: 8ee8f938 @ Wed Jul 29 08:42:32 UTC 2026
// 重构日志: f506ee3c
